// Jest Snapshot v1, https://goo.gl/fbAQLP

exports[`About renders correctly 1`] = `
<section id="about" class="aboutme">
  <div class="container">
    <div class="heading">
      <h2>About Me</h2>
    </div>
    <div class="row">
      <div class=" col-xs-12 col-sm-12 col-md-7 col-lg-7">
        <h3>Gustavo Cunha</h3>
        <h4 class="sub-heading">Some title at some company</h4>
        <div>
          <p>Lorem ipsum nulus dolor.</p>
        </div>
        <a href="file.pdf" target="_blank" rel="noopener" class="bnt-download">PDF Download</a>
      </div>
      <div class=" col-xs-12 col-sm-12 col-md-4 col-lg-4 col-md-offset-1 col-lg-offset-1 pro-pic">
        <img src="bar.jpg" alt="Gustavo Cunha" class="topmar">
      </div>
    </div>
  </div>
</section>
`;
