// Jest Snapshot v1, https://goo.gl/fbAQLP

exports[`Banner renders correctly 1`] = `
<div class="banner">
  <div class="lazy banner-img">
    <div class="banner-text container">
      <h1>Gustavo Cunha</h1>
      <h2>Web developer, Mobile and Software Engineer Consultant</h2>
    </div>
  </div>
</div>
`;
