// Jest Snapshot v1, https://goo.gl/fbAQLP

exports[`Footer renders correctly 1`] = `
<section id="footer" class="footer">
  <div class="container">
    <ul id="social">
      <li>
        <a href="https://github.com/gmmcal" target="_blank" rel="noopener" aria-label="Github">
          <i class="fa fa-github fa-2x"></i>
        </a>
      </li>
      <li>
        <a href="https://linkedin.com/in/gmmcal" target="_blank" rel="noopener" aria-label="LinkedIn">
          <i class="fa fa-linkedin fa-2x"></i>
        </a>
      </li>
      <li>
        <a href="https://twitter.com/gmmcal" target="_blank" rel="noopener" aria-label="Twitter">
          <i class="fa fa-twitter fa-2x"></i>
        </a>
      </li>
    </ul>
  </div>
</section>
`;
