// Jest Snapshot v1, https://goo.gl/fbAQLP

exports[`Header renders correctly 1`] = `
<header>
  <div class="menu fixed-top">
    <div class="navbar navbar-expand-md navbar-dark"><button aria-label="Menu" type="button" class="navbar-toggler"><span class="navbar-toggler-icon"></span></button>
      <div class="menu-container collapse navbar-collapse">
        <ul class="navbar-nav">
          <li class="active"><a data-turbolinks="false" href="#home" alt="home" class="home">Home</a></li>
          <li><a data-turbolinks="false" href="#about" alt="about" class="about">About</a></li>
        </ul>
      </div>
    </div>
    <ul class="i18n">
      <li class="active"><a data-turbolinks="false" href="#home" alt="home" class="home">Home</a></li>
      <li><a data-turbolinks="false" href="#about" alt="about" class="about">About</a></li>
    </ul>
  </div>
  <div class="banner">
    <div class="lazy banner-img">
      <div class="banner-text container">
        <h1>Gustavo Cunha</h1>
        <h2>Web developer, Mobile and Software Engineer Consultant</h2>
      </div>
    </div>
  </div>
</header>
`;
