// Jest Snapshot v1, https://goo.gl/fbAQLP

exports[`Skills renders correctly 1`] = `
<section id="skills" class="technical">
  <div class="container">
    <div class="heading">
      <h2>Technical Skills</h2>
      <p>The subjects I'm currently under my radar, but I'm always open to new technologies.</p>
    </div>
    <div class="row">
      <p class="skill" style="font-size: 70px;">Skill Name</p>
      <p class="skill" style="font-size: 63px;">Another Skill</p>
    </div>
  </div>
</section>
`;
