// Jest Snapshot v1, https://goo.gl/fbAQLP

exports[`Skills renders correctly 1`] = `
<section id="skills" class="technical">
  <div class="container">
    <div class="heading">
      <h2>Technical Skills</h2>
      <p>I know what I'm good at, but I'm always learning</p>
    </div>
    <div class="row">
      <div class=" col-xs-12 col-sm-4 col-md-4 col-lg-4 skills-area">
        <div class=" col-xs-12 col-sm-6 col-md-6 col-lg-6 skills"><span data-percent="100" class="chart skill-bg"><span class="percent"></span>
          <div></div>
          </span>
          <h4>Skill Name</h4>
          <p>Skill hero</p>
        </div>
      </div>
      <div class=" col-xs-12 col-sm-4 col-md-4 col-lg-4 skills-area">
        <div class=" col-xs-12 col-sm-6 col-md-6 col-lg-6 skills"><span data-percent="90" class="chart skill-bg"><span class="percent"></span>
          <div></div>
          </span>
          <h4>Another Skill</h4>
          <p>You are awesome</p>
        </div>
      </div>
    </div>
  </div>
</section>
`;
